// Jest Snapshot v1, https://goo.gl/fbAQLP

exports[`src/components/experiments2/loaded-component.js component children has the correct tagName 1`] = `undefined`;

exports[`src/components/experiments2/loaded-component.js component children has the correct text 1`] = `undefined`;

exports[`src/components/experiments2/loaded-component.js plain text has the correct tagName 1`] = `
<span>
  Testing some text
</span>
`;

exports[`src/components/experiments2/loaded-component.js plain text has the correct text 1`] = `
<span>
  Testing some text
</span>
`;
